🌟 Usage Summary 🌟
[Planning] Overall plan
🛠️ Model: o3-mini
📥 Input tokens: 23154 (Cost: $0.02546940)
📦 Cached input tokens: 0 (Cost: $0.00000000)
📤 Output tokens: 6663 (Cost: $0.02931720)
💵 Current total cost: $0.05478660
🪙 Accumulated total cost so far: $0.05478660
============================================

🌟 Usage Summary 🌟
[Planning] Architecture design
🛠️ Model: o3-mini
📥 Input tokens: 4011 (Cost: $0.00441210)
📦 Cached input tokens: 23040 (Cost: $0.01267200)
📤 Output tokens: 3196 (Cost: $0.01406240)
💵 Current total cost: $0.03114650
🪙 Accumulated total cost so far: $0.08593310
============================================

🌟 Usage Summary 🌟
[Planning] Logic design
🛠️ Model: o3-mini
📥 Input tokens: 1860 (Cost: $0.00204600)
📦 Cached input tokens: 26880 (Cost: $0.01478400)
📤 Output tokens: 2090 (Cost: $0.00919600)
💵 Current total cost: $0.02602600
🪙 Accumulated total cost so far: $0.11195910
============================================

🌟 Usage Summary 🌟
[Planning] Configuration file generation
🛠️ Model: o3-mini
📥 Input tokens: 1231 (Cost: $0.00135410)
📦 Cached input tokens: 28544 (Cost: $0.01569920)
📤 Output tokens: 3809 (Cost: $0.01675960)
💵 Current total cost: $0.03381290
🪙 Accumulated total cost so far: $0.14577200
============================================

🌟 Usage Summary 🌟
[ANALYSIS] dataset_loader.py
🛠️ Model: o3-mini
📥 Input tokens: 28773 (Cost: $0.03165030)
📦 Cached input tokens: 0 (Cost: $0.00000000)
📤 Output tokens: 3813 (Cost: $0.01677720)
💵 Current total cost: $0.04842750
🪙 Accumulated total cost so far: $0.19419950
============================================

🌟 Usage Summary 🌟
[ANALYSIS] model.py
🛠️ Model: o3-mini
📥 Input tokens: 327 (Cost: $0.00035970)
📦 Cached input tokens: 28544 (Cost: $0.01569920)
📤 Output tokens: 8682 (Cost: $0.03820080)
💵 Current total cost: $0.05425970
🪙 Accumulated total cost so far: $0.24845920
============================================

🌟 Usage Summary 🌟
[ANALYSIS] trainer.py
🛠️ Model: o3-mini
📥 Input tokens: 251 (Cost: $0.00027610)
📦 Cached input tokens: 28544 (Cost: $0.01569920)
📤 Output tokens: 4048 (Cost: $0.01781120)
💵 Current total cost: $0.03378650
🪙 Accumulated total cost so far: $0.28224570
============================================

🌟 Usage Summary 🌟
[ANALYSIS] evaluation.py
🛠️ Model: o3-mini
📥 Input tokens: 202 (Cost: $0.00022220)
📦 Cached input tokens: 28544 (Cost: $0.01569920)
📤 Output tokens: 6274 (Cost: $0.02760560)
💵 Current total cost: $0.04352700
🪙 Accumulated total cost so far: $0.32577270
============================================

🌟 Usage Summary 🌟
[ANALYSIS] main.py
🛠️ Model: o3-mini
📥 Input tokens: 252 (Cost: $0.00027720)
📦 Cached input tokens: 28544 (Cost: $0.01569920)
📤 Output tokens: 4187 (Cost: $0.01842280)
💵 Current total cost: $0.03439920
🪙 Accumulated total cost so far: $0.36017190
============================================

🌟 Usage Summary 🌟
[CODING] dataset_loader.py
🛠️ Model: o3-mini
📥 Input tokens: 30393 (Cost: $0.03343230)
📦 Cached input tokens: 0 (Cost: $0.00000000)
📤 Output tokens: 7447 (Cost: $0.03276680)
💵 Current total cost: $0.06619910
🪙 Accumulated total cost so far: $0.42637100
============================================

🌟 Usage Summary 🌟
[CODING] model.py
🛠️ Model: o3-mini
📥 Input tokens: 6666 (Cost: $0.00733260)
📦 Cached input tokens: 27520 (Cost: $0.01513600)
📤 Output tokens: 11359 (Cost: $0.04997960)
💵 Current total cost: $0.07244820
🪙 Accumulated total cost so far: $0.49881920
============================================

🌟 Usage Summary 🌟
[CODING] trainer.py
🛠️ Model: o3-mini
📥 Input tokens: 6727 (Cost: $0.00739970)
📦 Cached input tokens: 30592 (Cost: $0.01682560)
📤 Output tokens: 5563 (Cost: $0.02447720)
💵 Current total cost: $0.04870250
🪙 Accumulated total cost so far: $0.54752170
============================================

🌟 Usage Summary 🌟
[CODING] evaluation.py
🛠️ Model: o3-mini
📥 Input tokens: 4460 (Cost: $0.00490600)
📦 Cached input tokens: 34688 (Cost: $0.01907840)
📤 Output tokens: 4008 (Cost: $0.01763520)
💵 Current total cost: $0.04161960
🪙 Accumulated total cost so far: $0.58914130
============================================

🌟 Usage Summary 🌟
[CODING] main.py
🛠️ Model: o3-mini
📥 Input tokens: 4453 (Cost: $0.00489830)
📦 Cached input tokens: 36736 (Cost: $0.02020480)
📤 Output tokens: 7442 (Cost: $0.03274480)
💵 Current total cost: $0.05784790
🪙 Accumulated total cost so far: $0.64698920
============================================

